// Jest Snapshot v1, https://goo.gl/fbAQLP

exports[`renders applayout  view without crashing 1`] = `
<DocumentFragment>
  <div
    class="rootLayout"
  >
    <div
      class="backgroundImage"
    />
    <div
      class="layout"
    >
      <div>
        Test
      </div>
    </div>
  </div>
</DocumentFragment>
`;
